------------------------------------------------------------
Timing Analyzer Summary
------------------------------------------------------------

Type  : Slow 1100mV 85C Model Setup 'clk_div:M0|div_clk'
Slack : -16.540
TNS   : -302.134

Type  : Slow 1100mV 85C Model Setup 'clk'
Slack : -6.147
TNS   : -132.814

Type  : Slow 1100mV 85C Model Hold 'clk'
Slack : 0.435
TNS   : 0.000

Type  : Slow 1100mV 85C Model Hold 'clk_div:M0|div_clk'
Slack : 1.293
TNS   : 0.000

Type  : Slow 1100mV 85C Model Minimum Pulse Width 'clk'
Slack : -0.538
TNS   : -32.561

Type  : Slow 1100mV 85C Model Minimum Pulse Width 'clk_div:M0|div_clk'
Slack : -0.538
TNS   : -31.177

Type  : Slow 1100mV 0C Model Setup 'clk_div:M0|div_clk'
Slack : -17.474
TNS   : -312.097

Type  : Slow 1100mV 0C Model Setup 'clk'
Slack : -6.350
TNS   : -133.764

Type  : Slow 1100mV 0C Model Hold 'clk'
Slack : 0.443
TNS   : 0.000

Type  : Slow 1100mV 0C Model Hold 'clk_div:M0|div_clk'
Slack : 1.293
TNS   : 0.000

Type  : Slow 1100mV 0C Model Minimum Pulse Width 'clk'
Slack : -0.558
TNS   : -34.219

Type  : Slow 1100mV 0C Model Minimum Pulse Width 'clk_div:M0|div_clk'
Slack : -0.538
TNS   : -31.084

Type  : Fast 1100mV 85C Model Setup 'clk_div:M0|div_clk'
Slack : -6.952
TNS   : -134.250

Type  : Fast 1100mV 85C Model Setup 'clk'
Slack : -3.117
TNS   : -43.390

Type  : Fast 1100mV 85C Model Hold 'clk'
Slack : 0.199
TNS   : 0.000

Type  : Fast 1100mV 85C Model Hold 'clk_div:M0|div_clk'
Slack : 0.549
TNS   : 0.000

Type  : Fast 1100mV 85C Model Minimum Pulse Width 'clk'
Slack : -0.469
TNS   : -4.259

Type  : Fast 1100mV 85C Model Minimum Pulse Width 'clk_div:M0|div_clk'
Slack : -0.073
TNS   : -0.382

Type  : Fast 1100mV 0C Model Setup 'clk_div:M0|div_clk'
Slack : -6.553
TNS   : -122.810

Type  : Fast 1100mV 0C Model Setup 'clk'
Slack : -2.820
TNS   : -37.554

Type  : Fast 1100mV 0C Model Hold 'clk'
Slack : 0.189
TNS   : 0.000

Type  : Fast 1100mV 0C Model Hold 'clk_div:M0|div_clk'
Slack : 0.505
TNS   : 0.000

Type  : Fast 1100mV 0C Model Minimum Pulse Width 'clk'
Slack : -0.468
TNS   : -4.337

Type  : Fast 1100mV 0C Model Minimum Pulse Width 'clk_div:M0|div_clk'
Slack : -0.014
TNS   : -0.066

------------------------------------------------------------
